
--------------------------------------
Simple Valid Test Case
python diamond_challenge.py E

    A
   B B
  C   C
 D     D
E       E
 D     D
  C   C
   B B
    A

--------------------------------------
Test case for A
python diamond_challenge.py A

A

--------------------------------------
Invalid Test case

python diamond_challenge.py Invaild_input


Invalid input! Please input a single capital letter (A-Z).


--------------------------------------
Keyboard Entry of Z

Note: Z does not appear after the prompt
due to limitations in Bash.

python diamond_challenge.py

Enter a capital letter to create the diamond: 

                         A
                        B B
                       C   C
                      D     D
                     E       E
                    F         F
                   G           G
                  H             H
                 I               I
                J                 J
               K                   K
              L                     L
             M                       M
            N                         N
           O                           O
          P                             P
         Q                               Q
        R                                 R
       S                                   S
      T                                     T
     U                                       U
    V                                         V
   W                                           W
  X                                             X
 Y                                               Y
Z                                                 Z
 Y                                               Y
  X                                             X
   W                                           W
    V                                         V
     U                                       U
      T                                     T
       S                                   S
        R                                 R
         Q                               Q
          P                             P
           O                           O
            N                         N
             M                       M
              L                     L
               K                   K
                J                 J
                 I               I
                  H             H
                   G           G
                    F         F
                     E       E
                      D     D
                       C   C
                        B B
                         A
--------------------------------------
Too Many Command Line Arguments
Followed by input of B

Note: B does not appear after the prompt
due to limitations in Bash.

python diamond_challenge.py


Too many arguments provided on the command line!

Enter a capital letter to create the diamond: 

 A
B B
 A
